+++ P5 START +++++++++++++++++++++++++++++++++++++++++
+++ P5_OUTPUT >>> CREATED A 2 X 3 MATRIX FROM in_test23.txt
+++ P5 END +++++++++++++++++++++++++++++++++++++++++++
+++ P5 START +++++++++++++++++++++++++++++++++++++++++
+++ P5_OUTPUT >>> CREATED A 3 X 2 MATRIX FROM in_test32.txt
+++ P5 END +++++++++++++++++++++++++++++++++++++++++++
+++ P5 START +++++++++++++++++++++++++++++++++++++++++
+++ P5_OUTPUT >>> CONTENTS OF MATRIX X IS:
0.50 2.00 3.00 
4.00 5.00 6.50 
+++ P5 END +++++++++++++++++++++++++++++++++++++++++++
+++ P5 START +++++++++++++++++++++++++++++++++++++++++
+++ P5_OUTPUT >>> CONTENTS OF MATRIX Y IS:
7.00 8.10 
9.00 10.00 
11.00 12.00 
+++ P5 END +++++++++++++++++++++++++++++++++++++++++++
+++ P5 START +++++++++++++++++++++++++++++++++++++++++
+++ P5_OUTPUT >>> OVERLOADED OPERATOR * COMPLETED
+++ P5 END +++++++++++++++++++++++++++++++++++++++++++
+++ P5 START +++++++++++++++++++++++++++++++++++++++++
+++ P5_OUTPUT >>> OVERLOADED OPERATOR = COMPLETED
+++ P5 END +++++++++++++++++++++++++++++++++++++++++++
+++ P5 START +++++++++++++++++++++++++++++++++++++++++
+++ P5_OUTPUT >>> CONTENTS OF MATRIX Z IS:
54.50 60.05 
144.50 160.40 
+++ P5 END +++++++++++++++++++++++++++++++++++++++++++
+++ P5 START +++++++++++++++++++++++++++++++++++++++++
+++ P5_OUTPUT >>> CREATED A 3 X 3 MATRIX FROM in_test33.txt
+++ P5 END +++++++++++++++++++++++++++++++++++++++++++
+++ P5 START +++++++++++++++++++++++++++++++++++++++++
+++ P5_OUTPUT >>> CONTENTS OF MATRIX A IS:
5.00 0.00 2.00 
0.00 2.00 2.00 
1.00 1.00 1.00 
+++ P5 END +++++++++++++++++++++++++++++++++++++++++++
+++ P5 START +++++++++++++++++++++++++++++++++++++++++
+++ P5_OUTPUT >>> THE RESULT OF 1/ X OPERATION IS:
-0.00 -0.50 1.00 
-0.50 -0.75 2.50 
0.50 1.25 -2.50 
+++ P5 END +++++++++++++++++++++++++++++++++++++++++++
+++ P5 START +++++++++++++++++++++++++++++++++++++++++
+++ P5_OUTPUT >>> OVERLOADED OPERATOR = COMPLETED
+++ P5 END +++++++++++++++++++++++++++++++++++++++++++
+++ P5 START +++++++++++++++++++++++++++++++++++++++++
+++ P5_OUTPUT >>> CONTENTS OF MATRIX B IS:
-0.00 -0.50 1.00 
-0.50 -0.75 2.50 
0.50 1.25 -2.50 
+++ P5 END +++++++++++++++++++++++++++++++++++++++++++
+++ P5 START +++++++++++++++++++++++++++++++++++++++++
+++ P5_OUTPUT >>> OVERLOADED OPERATOR * COMPLETED
+++ P5 END +++++++++++++++++++++++++++++++++++++++++++
+++ P5 START +++++++++++++++++++++++++++++++++++++++++
+++ P5_OUTPUT >>> OVERLOADED OPERATOR = COMPLETED
+++ P5 END +++++++++++++++++++++++++++++++++++++++++++
+++ P5 START +++++++++++++++++++++++++++++++++++++++++
+++ P5_OUTPUT >>> CONTENTS OF MATRIX C IS:
1.00 0.00 0.00 
0.00 1.00 0.00 
0.00 0.00 1.00 
+++ P5 END +++++++++++++++++++++++++++++++++++++++++++
